
> @flow/monorepo@ build:ext:chrome C:\Users\sejau\Documents\GitHub\Flow-Reader-Extension
> esno scripts/build-extension.js chrome

Cleaning C:\Users\sejau\Documents\GitHub\Flow-Reader-Extension\apps\extension\dist...
Building the reader app for static export...

> @flow/reader@ build:export C:\Users\sejau\Documents\GitHub\Flow-Reader-Extension\apps\reader
> cross-env NEXT_PUBLIC_IS_EXPORT=true next build && cross-env NEXT_PUBLIC_IS_EXPORT=true next export

info  - Linting and checking validity of types...
node.exe : 
No C:\Users\sejau\AppData\Roaming\npm\pnpm.ps1:24 caractere:5
+     & "node$exe"  "$basedir/node_modules/pnpm/bin/pnpm.cjs" $args
+     ~~~~~~~~~~~~~~~~~~~~~~~~~~~~~~~~~~~~~~~~~~~~~~~~~~~~~~~~~~~~~
    + CategoryInfo          : NotSpecified: (:String) [], RemoteException
    + FullyQualifiedErrorId : NativeCommandError
 
Failed to compile.

./src/components/pages/settings.tsx
7:1  Error: `@flow/reader/hooks` import should occur before import of `@flow/reader/models`  import/order

info  - Need to disable some ESLint rules? Learn more here: 
https://nextjs.org/docs/basic-features/eslint#disabling-rules
C:\Users\sejau\Documents\GitHub\Flow-Reader-Extension\apps\reader:
ÔÇëERR_PNPM_RECURSIVE_RUN_FIRST_FAILÔÇë @flow/reader@ build:export: `cross-env NEXT_PUBLIC_IS_EXPORT=true next build && cross-env NEXT_PUBLIC_IS_EXPORT=true next export`
Exit status 1

ÔØî Error building the extension: Error: Command failed: pnpm --filter @flow/reader build:export
    at genericNodeError (node:internal/errors:983:15)
    at wrappedFn (node:internal/errors:537:14)
    at checkExecSyncError (node:child_process:882:11)
    at execSync (node:child_process:954:15)
    at build (C:\Users\sejau\Documents\GitHub\Flow-Reader-Extension\scripts\build-extension.js:27:5) {
  status: 1,
  signal: null,
  output: [ null, null, null ],
  pid: 16864,
  stdout: null,
  stderr: null
}
ÔÇëELIFECYCLEÔÇë Command failed with exit code 1.
